Archive member included to satisfy reference by file (symbol)

C:/ST/STM32CubeIDE_1.17.0/STM32CubeIDE/plugins/com.st.stm32cube.ide.mcu.externaltools.gnu-tools-for-stm32.12.3.rel1.win32_1.1.0.202410251130/tools/bin/../lib/gcc/arm-none-eabi/12.3.1/../../../../arm-none-eabi/lib/thumb/v7e-m+fp/hard\libc_nano.a(libc_a-exit.o)
                              C:/ST/STM32CubeIDE_1.17.0/STM32CubeIDE/plugins/com.st.stm32cube.ide.mcu.externaltools.gnu-tools-for-stm32.12.3.rel1.win32_1.1.0.202410251130/tools/bin/../lib/gcc/arm-none-eabi/12.3.1/../../../../arm-none-eabi/lib/thumb/v7e-m+fp/hard/crt0.o (exit)
C:/ST/STM32CubeIDE_1.17.0/STM32CubeIDE/plugins/com.st.stm32cube.ide.mcu.externaltools.gnu-tools-for-stm32.12.3.rel1.win32_1.1.0.202410251130/tools/bin/../lib/gcc/arm-none-eabi/12.3.1/../../../../arm-none-eabi/lib/thumb/v7e-m+fp/hard\libc_nano.a(libc_a-findfp.o)
                              C:/ST/STM32CubeIDE_1.17.0/STM32CubeIDE/plugins/com.st.stm32cube.ide.mcu.externaltools.gnu-tools-for-stm32.12.3.rel1.win32_1.1.0.202410251130/tools/bin/../lib/gcc/arm-none-eabi/12.3.1/../../../../arm-none-eabi/lib/thumb/v7e-m+fp/hard\libc_nano.a(libc_a-exit.o) (__stdio_exit_handler)
C:/ST/STM32CubeIDE_1.17.0/STM32CubeIDE/plugins/com.st.stm32cube.ide.mcu.externaltools.gnu-tools-for-stm32.12.3.rel1.win32_1.1.0.202410251130/tools/bin/../lib/gcc/arm-none-eabi/12.3.1/../../../../arm-none-eabi/lib/thumb/v7e-m+fp/hard\libc_nano.a(libc_a-fwalk.o)
                              C:/ST/STM32CubeIDE_1.17.0/STM32CubeIDE/plugins/com.st.stm32cube.ide.mcu.externaltools.gnu-tools-for-stm32.12.3.rel1.win32_1.1.0.202410251130/tools/bin/../lib/gcc/arm-none-eabi/12.3.1/../../../../arm-none-eabi/lib/thumb/v7e-m+fp/hard\libc_nano.a(libc_a-findfp.o) (_fwalk_sglue)
C:/ST/STM32CubeIDE_1.17.0/STM32CubeIDE/plugins/com.st.stm32cube.ide.mcu.externaltools.gnu-tools-for-stm32.12.3.rel1.win32_1.1.0.202410251130/tools/bin/../lib/gcc/arm-none-eabi/12.3.1/../../../../arm-none-eabi/lib/thumb/v7e-m+fp/hard\libc_nano.a(libc_a-stdio.o)
                              C:/ST/STM32CubeIDE_1.17.0/STM32CubeIDE/plugins/com.st.stm32cube.ide.mcu.externaltools.gnu-tools-for-stm32.12.3.rel1.win32_1.1.0.202410251130/tools/bin/../lib/gcc/arm-none-eabi/12.3.1/../../../../arm-none-eabi/lib/thumb/v7e-m+fp/hard\libc_nano.a(libc_a-findfp.o) (__sread)
C:/ST/STM32CubeIDE_1.17.0/STM32CubeIDE/plugins/com.st.stm32cube.ide.mcu.externaltools.gnu-tools-for-stm32.12.3.rel1.win32_1.1.0.202410251130/tools/bin/../lib/gcc/arm-none-eabi/12.3.1/../../../../arm-none-eabi/lib/thumb/v7e-m+fp/hard\libc_nano.a(libc_a-memset.o)
                              C:/ST/STM32CubeIDE_1.17.0/STM32CubeIDE/plugins/com.st.stm32cube.ide.mcu.externaltools.gnu-tools-for-stm32.12.3.rel1.win32_1.1.0.202410251130/tools/bin/../lib/gcc/arm-none-eabi/12.3.1/../../../../arm-none-eabi/lib/thumb/v7e-m+fp/hard/crt0.o (memset)
C:/ST/STM32CubeIDE_1.17.0/STM32CubeIDE/plugins/com.st.stm32cube.ide.mcu.externaltools.gnu-tools-for-stm32.12.3.rel1.win32_1.1.0.202410251130/tools/bin/../lib/gcc/arm-none-eabi/12.3.1/../../../../arm-none-eabi/lib/thumb/v7e-m+fp/hard\libc_nano.a(libc_a-closer.o)
                              C:/ST/STM32CubeIDE_1.17.0/STM32CubeIDE/plugins/com.st.stm32cube.ide.mcu.externaltools.gnu-tools-for-stm32.12.3.rel1.win32_1.1.0.202410251130/tools/bin/../lib/gcc/arm-none-eabi/12.3.1/../../../../arm-none-eabi/lib/thumb/v7e-m+fp/hard\libc_nano.a(libc_a-stdio.o) (_close_r)
C:/ST/STM32CubeIDE_1.17.0/STM32CubeIDE/plugins/com.st.stm32cube.ide.mcu.externaltools.gnu-tools-for-stm32.12.3.rel1.win32_1.1.0.202410251130/tools/bin/../lib/gcc/arm-none-eabi/12.3.1/../../../../arm-none-eabi/lib/thumb/v7e-m+fp/hard\libc_nano.a(libc_a-reent.o)
                              C:/ST/STM32CubeIDE_1.17.0/STM32CubeIDE/plugins/com.st.stm32cube.ide.mcu.externaltools.gnu-tools-for-stm32.12.3.rel1.win32_1.1.0.202410251130/tools/bin/../lib/gcc/arm-none-eabi/12.3.1/../../../../arm-none-eabi/lib/thumb/v7e-m+fp/hard\libc_nano.a(libc_a-closer.o) (errno)
C:/ST/STM32CubeIDE_1.17.0/STM32CubeIDE/plugins/com.st.stm32cube.ide.mcu.externaltools.gnu-tools-for-stm32.12.3.rel1.win32_1.1.0.202410251130/tools/bin/../lib/gcc/arm-none-eabi/12.3.1/../../../../arm-none-eabi/lib/thumb/v7e-m+fp/hard\libc_nano.a(libc_a-impure.o)
                              C:/ST/STM32CubeIDE_1.17.0/STM32CubeIDE/plugins/com.st.stm32cube.ide.mcu.externaltools.gnu-tools-for-stm32.12.3.rel1.win32_1.1.0.202410251130/tools/bin/../lib/gcc/arm-none-eabi/12.3.1/../../../../arm-none-eabi/lib/thumb/v7e-m+fp/hard\libc_nano.a(libc_a-reent.o) (_impure_ptr)
C:/ST/STM32CubeIDE_1.17.0/STM32CubeIDE/plugins/com.st.stm32cube.ide.mcu.externaltools.gnu-tools-for-stm32.12.3.rel1.win32_1.1.0.202410251130/tools/bin/../lib/gcc/arm-none-eabi/12.3.1/../../../../arm-none-eabi/lib/thumb/v7e-m+fp/hard\libc_nano.a(libc_a-lseekr.o)
[...]
Memory Configuration

Name             Origin             Length             Attributes
CCMRAM           0x10000000         0x00010000         xrw
RAM              0x20000000         0x00020000         xrw
FLASH            0x08000000         0x00100000         xr
*default*        0x00000000         0xffffffff

Linker script and memory map

LOAD C:/ST/STM32CubeIDE_1.17.0/STM32CubeIDE/plugins/com.st.stm32cube.ide.mcu.externaltools.gnu-tools-for-stm32.12.3.rel1.win32_1.1.0.202410251130/tools/bin/../lib/gcc/arm-none-eabi/12.3.1/thumb/v7e-m+fp/hard/crti.o
LOAD C:/ST/STM32CubeIDE_1.17.0/STM32CubeIDE/plugins/com.st.stm32cube.ide.mcu.externaltools.gnu-tools-for-stm32.12.3.rel1.win32_1.1.0.202410251130/tools/bin/../lib/gcc/arm-none-eabi/12.3.1/thumb/v7e-m+fp/hard/crtbegin.o
LOAD C:/ST/STM32CubeIDE_1.17.0/STM32CubeIDE/plugins/com.st.stm32cube.ide.mcu.externaltools.gnu-tools-for-stm32.12.3.rel1.win32_1.1.0.202410251130/tools/bin/../lib/gcc/arm-none-eabi/12.3.1/../../../../arm-none-eabi/lib/thumb/v7e-m+fp/hard/crt0.o
LOAD ./Core/FreeRTOS-Kernel/croutine.o
LOAD ./Core/FreeRTOS-Kernel/event_groups.o
LOAD ./Core/FreeRTOS-Kernel/list.o
LOAD ./Core/FreeRTOS-Kernel/queue.o
LOAD ./Core/FreeRTOS-Kernel/stream_buffer.o
LOAD ./Core/FreeRTOS-Kernel/tasks.o
LOAD ./Core/FreeRTOS-Kernel/timers.o
LOAD ./Core/FreeRTOS-Kernel/portable/GCC/ARM_CM4F/port.o
LOAD ./Core/FreeRTOS-Kernel/portable/MemMang/heap_1.o
LOAD ./Core/Src/main.o
LOAD ./Core/Src/stm32f4xx_hal_msp.o
LOAD ./Core/Src/stm32f4xx_hal_timebase_tim.o
LOAD ./Core/Src/stm32f4xx_it.o
LOAD ./Core/Src/syscalls.o
LOAD ./Core/Src/sysmem.o
LOAD ./Core/Src/system_stm32f4xx.o
LOAD ./Core/Startup/startup_stm32f407vgtx.o
LOAD ./Drivers/STM32F4xx_HAL_Driver/Src/stm32f4xx_hal.o
LOAD ./Drivers/STM32F4xx_HAL_Driver/Src/stm32f4xx_hal_cortex.o
LOAD ./Drivers/STM32F4xx_HAL_Driver/Src/stm32f4xx_hal_dma.o
LOAD ./Drivers/STM32F4xx_HAL_Driver/Src/stm32f4xx_hal_dma_ex.o
LOAD ./Drivers/STM32F4xx_HAL_Driver/Src/stm32f4xx_hal_exti.o
LOAD ./Drivers/STM32F4xx_HAL_Driver/Src/stm32f4xx_hal_flash.o
LOAD ./Drivers/STM32F4xx_HAL_Driver/Src/stm32f4xx_hal_flash_ex.o
LOAD ./Drivers/STM32F4xx_HAL_Driver/Src/stm32f4xx_hal_flash_ramfunc.o
LOAD ./Drivers/STM32F4xx_HAL_Driver/Src/stm32f4xx_hal_gpio.o
LOAD ./Drivers/STM32F4xx_HAL_Driver/Src/stm32f4xx_hal_pwr.o
LOAD ./Drivers/STM32F4xx_HAL_Driver/Src/stm32f4xx_hal_pwr_ex.o
LOAD ./Drivers/STM32F4xx_HAL_Driver/Src/stm32f4xx_hal_rcc.o
LOAD ./Drivers/STM32F4xx_HAL_Driver/Src/stm32f4xx_hal_rcc_ex.o
LOAD ./Drivers/STM32F4xx_HAL_Driver/Src/stm32f4xx_hal_tim.o
LOAD ./Drivers/STM32F4xx_HAL_Driver/Src/stm32f4xx_hal_tim_ex.o
START GROUP
LOAD C:/ST/STM32CubeIDE_1.17.0/STM32CubeIDE/plugins/com.st.stm32cube.ide.mcu.externaltools.gnu-tools-for-stm32.12.3.rel1.win32_1.1.0.202410251130/tools/bin/../lib/gcc/arm-none-eabi/12.3.1/../../../../arm-none-eabi/lib/thumb/v7e-m+fp/hard\libc_nano.a
LOAD C:/ST/STM32CubeIDE_1.17.0/STM32CubeIDE/plugins/com.st.stm32cube.ide.mcu.externaltools.gnu-tools-for-stm32.12.3.rel1.win32_1.1.0.202410251130/tools/bin/../lib/gcc/arm-none-eabi/12.3.1/../../../../arm-none-eabi/lib/thumb/v7e-m+fp/hard\libm.a
END GROUP
START GROUP
LOAD C:/ST/STM32CubeIDE_1.17.0/STM32CubeIDE/plugins/com.st.stm32cube.ide.mcu.externaltools.gnu-tools-for-stm32.12.3.rel1.win32_1.1.0.202410251130/tools/bin/../lib/gcc/arm-none-eabi/12.3.1/thumb/v7e-m+fp/hard\libgcc.a
LOAD C:/ST/STM32CubeIDE_1.17.0/STM32CubeIDE/plugins/com.st.stm32cube.ide.mcu.externaltools.gnu-tools-for-stm32.12.3.rel1.win32_1.1.0.202410251130/tools/bin/../lib/gcc/arm-none-eabi/12.3.1/../../../../arm-none-eabi/lib/thumb/v7e-m+fp/hard\libc_nano.a
END GROUP
START GROUP
LOAD C:/ST/STM32CubeIDE_1.17.0/STM32CubeIDE/plugins/com.st.stm32cube.ide.mcu.externaltools.gnu-tools-for-stm32.12.3.rel1.win32_1.1.0.202410251130/tools/bin/../lib/gcc/arm-none-eabi/12.3.1/thumb/v7e-m+fp/hard\libgcc.a
LOAD C:/ST/STM32CubeIDE_1.17.0/STM32CubeIDE/plugins/com.st.stm32cube.ide.mcu.externaltools.gnu-tools-for-stm32.12.3.rel1.win32_1.1.0.202410251130/tools/bin/../lib/gcc/arm-none-eabi/12.3.1/../../../../arm-none-eabi/lib/thumb/v7e-m+fp/hard\libc_nano.a
LOAD C:/ST/STM32CubeIDE_1.17.0/STM32CubeIDE/plugins/com.st.stm32cube.ide.mcu.externaltools.gnu-tools-for-stm32.12.3.rel1.win32_1.1.0.202410251130/tools/bin/../lib/gcc/arm-none-eabi/12.3.1/../../../../arm-none-eabi/lib/thumb/v7e-m+fp/hard\libnosys.a
END GROUP
START GROUP
LOAD C:/ST/STM32CubeIDE_1.17.0/STM32CubeIDE/plugins/com.st.stm32cube.ide.mcu.externaltools.gnu-tools-for-stm32.12.3.rel1.win32_1.1.0.202410251130/tools/bin/../lib/gcc/arm-none-eabi/12.3.1/thumb/v7e-m+fp/hard\libgcc.a
LOAD C:/ST/STM32CubeIDE_1.17.0/STM32CubeIDE/plugins/com.st.stm32cube.ide.mcu.externaltools.gnu-tools-for-stm32.12.3.rel1.win32_1.1.0.202410251130/tools/bin/../lib/gcc/arm-none-eabi/12.3.1/../../../../arm-none-eabi/lib/thumb/v7e-m+fp/hard\libc_nano.a
LOAD C:/ST/STM32CubeIDE_1.17.0/STM32CubeIDE/plugins/com.st.stm32cube.ide.mcu.externaltools.gnu-tools-for-stm32.12.3.rel1.win32_1.1.0.202410251130/tools/bin/../lib/gcc/arm-none-eabi/12.3.1/../../../../arm-none-eabi/lib/thumb/v7e-m+fp/hard\libnosys.a
END GROUP
LOAD C:/ST/STM32CubeIDE_1.17.0/STM32CubeIDE/plugins/com.st.stm32cube.ide.mcu.externaltools.gnu-tools-for-stm32.12.3.rel1.win32_1.1.0.202410251130/tools/bin/../lib/gcc/arm-none-eabi/12.3.1/thumb/v7e-m+fp/hard/crtend.o
LOAD C:/ST/STM32CubeIDE_1.17.0/STM32CubeIDE/plugins/com.st.stm32cube.ide.mcu.externaltools.gnu-tools-for-stm32.12.3.rel1.win32_1.1.0.202410251130/tools/bin/../lib/gcc/arm-none-eabi/12.3.1/thumb/v7e-m+fp/hard/crtn.o
                0x20020000                        _estack = (ORIGIN (RAM) + LENGTH (RAM))
                0x00000200                        _Min_Heap_Size = 0x200
                0x00000400                        _Min_Stack_Size = 0x400

.isr_vector     0x08000000      0x188
                0x08000000                        . = ALIGN (0x4)
 *(.isr_vector)
 .isr_vector    0x08000000      0x188 ./Core/Startup/startup_stm32f407vgtx.o
                0x08000000                g_pfnVectors
                0x08000188                        . = ALIGN (0x4)

.text           0x08000190     0x3280
                0x08000190                        . = ALIGN (0x4)
 *(.text)
 .text          0x08000190       0x40 C:/ST/STM32CubeIDE_1.17.0/STM32CubeIDE/plugins/com.st.stm32cube.ide.mcu.externaltools.gnu-tools-for-stm32.12.3.rel1.win32_1.1.0.202410251130/tools/bin/../lib/gcc/arm-none-eabi/12.3.1/thumb/v7e-m+fp/hard/crtbegin.o
 .text          0x080001d0       0x30 C:/ST/STM32CubeIDE_1.17.0/STM32CubeIDE/plugins/com.st.stm32cube.ide.mcu.externaltools.gnu-tools-for-stm32.12.3.rel1.win32_1.1.0.202410251130/tools/bin/../lib/gcc/arm-none-eabi/12.3.1/thumb/v7e-m+fp/hard\libgcc.a(_aeabi_uldivmod.o)
                0x080001d0                __aeabi_uldivmod
 .text          0x08000200      0x2bc C:/ST/STM32CubeIDE_1.17.0/STM32CubeIDE/plugins/com.st.stm32cube.ide.mcu.externaltools.gnu-tools-for-stm32.12.3.rel1.win32_1.1.0.202410251130/tools/bin/../lib/gcc/arm-none-eabi/12.3.1/thumb/v7e-m+fp/hard\libgcc.a(_udivmoddi4.o)
                0x08000200                __udivmoddi4
 .text          0x080004bc        0x4 C:/ST/STM32CubeIDE_1.17.0/STM32CubeIDE/plugins/com.st.stm32cube.ide.mcu.externaltools.gnu-tools-for-stm32.12.3.rel1.win32_1.1.0.202410251130/tools/bin/../lib/gcc/arm-none-eabi/12.3.1/thumb/v7e-m+fp/hard\libgcc.a(_dvmd_tls.o)
                0x080004bc                __aeabi_idiv0
                0x080004bc                __aeabi_ldiv0
 *(.text*)
 .text.vListInitialise
                0x080004c0       0x40 ./Core/FreeRTOS-Kernel/list.o
                0x080004c0                vListInitialise
 .text.vListInitialiseItem
                0x08000500       0x1a ./Core/FreeRTOS-Kernel/list.o
                0x08000500                vListInitialiseItem
 .text.vListInsert
                0x0800051a       0x72 ./Core/FreeRTOS-Kernel/list.o
                0x0800051a                vListInsert
 .text.uxListRemove
                0x0800058c       0x54 ./Core/FreeRTOS-Kernel/list.o
                0x0800058c                uxListRemove
 .text.xQueueGenericReset
                0x080005e0      0x124 ./Core/FreeRTOS-Kernel/queue.o
                0x080005e0                xQueueGenericReset
 .text.xQueueGenericCreate
                0x08000704       0x9e ./Core/FreeRTOS-Kernel/queue.o
                0x08000704                xQueueGenericCreate
 .text.prvInitialiseNewQueue
                0x080007a2       0x46 ./Core/FreeRTOS-Kernel/queue.o
 .text.prvCreateTask
                0x080007e8       0x78 ./Core/FreeRTOS-Kernel/tasks.o
 .text.xTaskCreate
                0x08000860       0x46 ./Core/FreeRTOS-Kernel/tasks.o
                0x08000860                xTaskCreate
 .text.prvInitialiseNewTask
                0x080008a6      0x120 ./Core/FreeRTOS-Kernel/tasks.o
 *fill*         0x080009c6        0x2 
 .text.prvAddNewTaskToReadyList
                0x080009c8      0x130 ./Core/FreeRTOS-Kernel/tasks.o
 .text.vTaskDelay
                0x08000af8       0x6c ./Core/FreeRTOS-Kernel/tasks.o
                0x08000af8                vTaskDelay
 .text.prvCreateIdleTasks
                0x08000b64       0x94 ./Core/FreeRTOS-Kernel/tasks.o
 .text.vTaskStartScheduler
                0x08000bf8       0x7c ./Core/FreeRTOS-Kernel/tasks.o
                0x08000bf8                vTaskStartScheduler
 .text.vTaskSuspendAll
                0x08000c74       0x1c ./Core/FreeRTOS-Kernel/tasks.o
                0x08000c74                vTaskSuspendAll
 .text.xTaskResumeAll
                0x08000c90      0x210 ./Core/FreeRTOS-Kernel/tasks.o
                0x08000c90                xTaskResumeAll
 .text.xTaskIncrementTick
                0x08000ea0      0x234 ./Core/FreeRTOS-Kernel/tasks.o
                0x08000ea0                xTaskIncrementTick
 .text.vTaskSwitchContext
                0x080010d4       0xbc ./Core/FreeRTOS-Kernel/tasks.o
                0x080010d4                vTaskSwitchContext
 .text.xTaskRemoveFromEventList
                0x08001190      0x1b4 ./Core/FreeRTOS-Kernel/tasks.o
                0x08001190                xTaskRemoveFromEventList
 .text.prvIdleTask
                0x08001344       0x30 ./Core/FreeRTOS-Kernel/tasks.o
 .text.prvInitialiseTaskLists
                0x08001374       0x80 ./Core/FreeRTOS-Kernel/tasks.o
 .text.prvCheckTasksWaitingTermination
                0x080013f4       0x5c ./Core/FreeRTOS-Kernel/tasks.o
 .text.prvDeleteTCB
                0x08001450       0x20 ./Core/FreeRTOS-Kernel/tasks.o
 .text.prvResetNextTaskUnblockTime
                0x08001470       0x38 ./Core/FreeRTOS-Kernel/tasks.o
 .text.prvAddCurrentTaskToDelayedList
                0x080014a8      0x104 ./Core/FreeRTOS-Kernel/tasks.o
 .text.pxPortInitialiseStack
                0x080015ac       0x68 ./Core/FreeRTOS-Kernel/portable/GCC/ARM_CM4F/port.o
                0x080015ac                pxPortInitialiseStack
 .text.prvTaskExitError
                0x08001614       0x5c ./Core/FreeRTOS-Kernel/portable/GCC/ARM_CM4F/port.o
 .text.SVC_Handler
                0x08001670       0x28 ./Core/FreeRTOS-Kernel/portable/GCC/ARM_CM4F/port.o
                0x08001670                SVC_Handler
 .text.prvPortStartFirstTask
                0x08001698       0x2c ./Core/FreeRTOS-Kernel/portable/GCC/ARM_CM4F/port.o
 .text.xPortStartScheduler
                0x080016c4      0x1e0 ./Core/FreeRTOS-Kernel/portable/GCC/ARM_CM4F/port.o
                0x080016c4                xPortStartScheduler
 .text.vPortEnterCritical
                0x080018a4       0x64 ./Core/FreeRTOS-Kernel/portable/GCC/ARM_CM4F/port.o
                0x080018a4                vPortEnterCritical
 .text.vPortExitCritical
                0x08001908       0x54 ./Core/FreeRTOS-Kernel/portable/GCC/ARM_CM4F/port.o
                0x08001908                vPortExitCritical
 *fill*         0x0800195c        0x4 
 .text.PendSV_Handler
                0x08001960       0x68 ./Core/FreeRTOS-Kernel/portable/GCC/ARM_CM4F/port.o
                0x08001960                PendSV_Handler
 .text.SysTick_Handler
                0x080019c8       0x44 ./Core/FreeRTOS-Kernel/portable/GCC/ARM_CM4F/port.o
                0x080019c8                SysTick_Handler
 .text.vPortSetupTimerInterrupt
                0x08001a0c       0x38 ./Core/FreeRTOS-Kernel/portable/GCC/ARM_CM4F/port.o
                0x08001a0c                vPortSetupTimerInterrupt
 .text.vPortEnableVFP
                0x08001a44       0x18 ./Core/FreeRTOS-Kernel/portable/GCC/ARM_CM4F/port.o
 .text.pvPortMalloc
                0x08001a5c       0xa8 ./Core/FreeRTOS-Kernel/portable/MemMang/heap_1.o
                0x08001a5c                pvPortMalloc
 .text.vPortFree
                0x08001b04       0x32 ./Core/FreeRTOS-Kernel/portable/MemMang/heap_1.o
                0x08001b04                vPortFree
 *fill*         0x08001b36        0x2 
 .text.main     0x08001b38       0x88 ./Core/Src/main.o
                0x08001b38                main
 .text.SystemClock_Config
                0x08001bc0       0xbc ./Core/Src/main.o
                0x08001bc0                SystemClock_Config
 .text.MX_GPIO_Init
                0x08001c7c       0xa4 ./Core/Src/main.o
 .text.prvStartDefaultTask
                0x08001d20       0x20 ./Core/Src/main.o
 .text.prvStartTask02
                0x08001d40       0x20 ./Core/Src/main.o
 .text.HAL_TIM_PeriodElapsedCallback
                0x08001d60       0x24 ./Core/Src/main.o
                0x08001d60                HAL_TIM_PeriodElapsedCallback
 .text.Error_Handler
                0x08001d84        0xc ./Core/Src/main.o
                0x08001d84                Error_Handler
 .text.HAL_MspInit
                0x08001d90       0x50 ./Core/Src/stm32f4xx_hal_msp.o
                0x08001d90                HAL_MspInit
 .text.HAL_InitTick
                0x08001de0       0xe4 ./Core/Src/stm32f4xx_hal_timebase_tim.o
                0x08001de0                HAL_InitTick
 .text.NMI_Handler
                0x08001ec4        0x8 ./Core/Src/stm32f4xx_it.o
                0x08001ec4                NMI_Handler
 .text.HardFault_Handler
                0x08001ecc        0x8 ./Core/Src/stm32f4xx_it.o
                0x08001ecc                HardFault_Handler
 .text.MemManage_Handler
                0x08001ed4        0x8 ./Core/Src/stm32f4xx_it.o
                0x08001ed4                MemManage_Handler
 .text.BusFault_Handler
                0x08001edc        0x8 ./Core/Src/stm32f4xx_it.o
                0x08001edc                BusFault_Handler
 .text.UsageFault_Handler
                0x08001ee4        0x8 ./Core/Src/stm32f4xx_it.o
                0x08001ee4                UsageFault_Handler
 .text.DebugMon_Handler
                0x08001eec        0xe ./Core/Src/stm32f4xx_it.o
                0x08001eec                DebugMon_Handler
 *fill*         0x08001efa        0x2 
 .text.TIM1_UP_TIM10_IRQHandler
                0x08001efc       0x14 ./Core/Src/stm32f4xx_it.o
                0x08001efc                TIM1_UP_TIM10_IRQHandler
 .text.SystemInit
                0x08001f10       0x24 ./Core/Src/system_stm32f4xx.o
                0x08001f10                SystemInit
 .text.Reset_Handler
                0x08001f34       0x50 ./Core/Startup/startup_stm32f407vgtx.o
                0x08001f34                Reset_Handler
 .text.Default_Handler
                0x08001f84        0x2 ./Core/Startup/startup_stm32f407vgtx.o
                0x08001f84                RTC_Alarm_IRQHandler
                0x08001f84                HASH_RNG_IRQHandler
                0x08001f84                EXTI2_IRQHandler
                0x08001f84                TIM8_CC_IRQHandler
                0x08001f84                TIM1_CC_IRQHandler
                0x08001f84                DMA2_Stream5_IRQHandler
                0x08001f84                DMA1_Stream5_IRQHandler
                0x08001f84                PVD_IRQHandler
                0x08001f84                SDIO_IRQHandler
                0x08001f84                TAMP_STAMP_IRQHandler
                0x08001f84                CAN2_RX1_IRQHandler
                0x08001f84                EXTI3_IRQHandler
                0x08001f84                TIM8_TRG_COM_TIM14_IRQHandler
                0x08001f84                TIM8_UP_TIM13_IRQHandler
                0x08001f84                I2C3_ER_IRQHandler
                0x08001f84                EXTI0_IRQHandler
                0x08001f84                I2C2_EV_IRQHandler
                0x08001f84                DMA1_Stream2_IRQHandler
                0x08001f84                CAN1_RX0_IRQHandler
                0x08001f84                FPU_IRQHandler
                0x08001f84                OTG_HS_WKUP_IRQHandler
                0x08001f84                CAN2_SCE_IRQHandler
                0x08001f84                DMA2_Stream2_IRQHandler
                0x08001f84                SPI1_IRQHandler
                0x08001f84                TIM6_DAC_IRQHandler
                0x08001f84                TIM1_BRK_TIM9_IRQHandler
                0x08001f84                DCMI_IRQHandler
                0x08001f84                CAN2_RX0_IRQHandler
                0x08001f84                DMA2_Stream3_IRQHandler
                0x08001f84                USART6_IRQHandler
                0x08001f84                USART3_IRQHandler
                0x08001f84                CAN1_RX1_IRQHandler
                0x08001f84                UART5_IRQHandler
                0x08001f84                DMA2_Stream0_IRQHandler
                0x08001f84                TIM4_IRQHandler
                0x08001f84                I2C1_EV_IRQHandler
                0x08001f84                DMA1_Stream6_IRQHandler
                0x08001f84                DMA1_Stream1_IRQHandler
                0x08001f84                UART4_IRQHandler
                0x08001f84                TIM3_IRQHandler
                0x08001f84                RCC_IRQHandler
                0x08001f84                TIM8_BRK_TIM12_IRQHandler
                0x08001f84                Default_Handler
                0x08001f84                EXTI15_10_IRQHandler
                0x08001f84                ADC_IRQHandler
                0x08001f84                DMA1_Stream7_IRQHandler
                0x08001f84                TIM7_IRQHandler
                0x08001f84                CAN2_TX_IRQHandler
                0x08001f84                TIM5_IRQHandler
                0x08001f84                DMA2_Stream7_IRQHandler
                0x08001f84                I2C3_EV_IRQHandler
                0x08001f84                EXTI9_5_IRQHandler
                0x08001f84                RTC_WKUP_IRQHandler
                0x08001f84                ETH_WKUP_IRQHandler
                0x08001f84                SPI2_IRQHandler
                0x08001f84                OTG_HS_EP1_IN_IRQHandler
                0x08001f84                DMA1_Stream0_IRQHandler
                0x08001f84                CAN1_TX_IRQHandler
                0x08001f84                EXTI4_IRQHandler
                0x08001f84                FSMC_IRQHandler
                0x08001f84                ETH_IRQHandler
                0x08001f84                OTG_HS_EP1_OUT_IRQHandler
                0x08001f84                WWDG_IRQHandler
                0x08001f84                TIM2_IRQHandler
                0x08001f84                OTG_FS_WKUP_IRQHandler
                0x08001f84                TIM1_TRG_COM_TIM11_IRQHandler
                0x08001f84                OTG_HS_IRQHandler
                0x08001f84                EXTI1_IRQHandler
                0x08001f84                USART2_IRQHandler
                0x08001f84                I2C2_ER_IRQHandler
                0x08001f84                DMA2_Stream1_IRQHandler
                0x08001f84                CAN1_SCE_IRQHandler
                0x08001f84                FLASH_IRQHandler
                0x08001f84                DMA2_Stream4_IRQHandler
                0x08001f84                USART1_IRQHandler
                0x08001f84                OTG_FS_IRQHandler
                0x08001f84                SPI3_IRQHandler
                0x08001f84                DMA1_Stream4_IRQHandler
                0x08001f84                I2C1_ER_IRQHandler
                0x08001f84                DMA2_Stream6_IRQHandler
                0x08001f84                DMA1_Stream3_IRQHandler
 *fill*         0x08001f86        0x2 
 .text.HAL_Init
                0x08001f88       0x44 ./Drivers/STM32F4xx_HAL_Driver/Src/stm32f4xx_hal.o
                0x08001f88                HAL_Init
 .text.HAL_IncTick
                0x08001fcc       0x28 ./Drivers/STM32F4xx_HAL_Driver/Src/stm32f4xx_hal.o
                0x08001fcc                HAL_IncTick
 .text.HAL_GetTick
                0x08001ff4       0x18 ./Drivers/STM32F4xx_HAL_Driver/Src/stm32f4xx_hal.o
                0x08001ff4                HAL_GetTick
 .text.__NVIC_SetPriorityGrouping
                0x0800200c       0x48 ./Drivers/STM32F4xx_HAL_Driver/Src/stm32f4xx_hal_cortex.o
 .text.__NVIC_GetPriorityGrouping
                0x08002054       0x1c ./Drivers/STM32F4xx_HAL_Driver/Src/stm32f4xx_hal_cortex.o
 .text.__NVIC_EnableIRQ
                0x08002070       0x3c ./Drivers/STM32F4xx_HAL_Driver/Src/stm32f4xx_hal_cortex.o
 .text.__NVIC_SetPriority
                0x080020ac       0x54 ./Drivers/STM32F4xx_HAL_Driver/Src/stm32f4xx_hal_cortex.o
 .text.NVIC_EncodePriority
                0x08002100       0x66 ./Drivers/STM32F4xx_HAL_Driver/Src/stm32f4xx_hal_cortex.o
 .text.HAL_NVIC_SetPriorityGrouping
                0x08002166       0x16 ./Drivers/STM32F4xx_HAL_Driver/Src/stm32f4xx_hal_cortex.o
                0x08002166                HAL_NVIC_SetPriorityGrouping
 .text.HAL_NVIC_SetPriority
                0x0800217c       0x38 ./Drivers/STM32F4xx_HAL_Driver/Src/stm32f4xx_hal_cortex.o
                0x0800217c                HAL_NVIC_SetPriority
 .text.HAL_NVIC_EnableIRQ
                0x080021b4       0x1c ./Drivers/STM32F4xx_HAL_Driver/Src/stm32f4xx_hal_cortex.o
                0x080021b4                HAL_NVIC_EnableIRQ
 .text.HAL_GPIO_Init
                0x080021d0      0x338 ./Drivers/STM32F4xx_HAL_Driver/Src/stm32f4xx_hal_gpio.o
                0x080021d0                HAL_GPIO_Init
 .text.HAL_GPIO_WritePin
                0x08002508       0x32 ./Drivers/STM32F4xx_HAL_Driver/Src/stm32f4xx_hal_gpio.o
                0x08002508                HAL_GPIO_WritePin
 .text.HAL_GPIO_TogglePin
                0x0800253a       0x34 ./Drivers/STM32F4xx_HAL_Driver/Src/stm32f4xx_hal_gpio.o
                0x0800253a                HAL_GPIO_TogglePin
 *fill*         0x0800256e        0x2 
 .text.HAL_RCC_OscConfig
                0x08002570      0x4f0 ./Drivers/STM32F4xx_HAL_Driver/Src/stm32f4xx_hal_rcc.o
                0x08002570                HAL_RCC_OscConfig
 .text.HAL_RCC_ClockConfig
                0x08002a60      0x1cc ./Drivers/STM32F4xx_HAL_Driver/Src/stm32f4xx_hal_rcc.o
                0x08002a60                HAL_RCC_ClockConfig
 .text.HAL_RCC_GetSysClockFreq
                0x08002c2c      0x18c ./Drivers/STM32F4xx_HAL_Driver/Src/stm32f4xx_hal_rcc.o
                0x08002c2c                HAL_RCC_GetSysClockFreq
 .text.HAL_RCC_GetHCLKFreq
                0x08002db8       0x18 ./Drivers/STM32F4xx_HAL_Driver/Src/stm32f4xx_hal_rcc.o
                0x08002db8                HAL_RCC_GetHCLKFreq
 .text.HAL_RCC_GetPCLK2Freq
                0x08002dd0       0x28 ./Drivers/STM32F4xx_HAL_Driver/Src/stm32f4xx_hal_rcc.o
                0x08002dd0                HAL_RCC_GetPCLK2Freq
 .text.HAL_RCC_GetClockConfig
                0x08002df8       0x64 ./Drivers/STM32F4xx_HAL_Driver/Src/stm32f4xx_hal_rcc.o
                0x08002df8                HAL_RCC_GetClockConfig
 .text.HAL_TIM_Base_Init
                0x08002e5c       0x9e ./Drivers/STM32F4xx_HAL_Driver/Src/stm32f4xx_hal_tim.o
                0x08002e5c                HAL_TIM_Base_Init
 .text.HAL_TIM_Base_MspInit
                0x08002efa       0x14 ./Drivers/STM32F4xx_HAL_Driver/Src/stm32f4xx_hal_tim.o
                0x08002efa                HAL_TIM_Base_MspInit
 *fill*         0x08002f0e        0x2 
 .text.HAL_TIM_Base_Start_IT
                0x08002f10       0xe0 ./Drivers/STM32F4xx_HAL_Driver/Src/stm32f4xx_hal_tim.o
                0x08002f10                HAL_TIM_Base_Start_IT
 .text.HAL_TIM_IRQHandler
                0x08002ff0      0x1e0 ./Drivers/STM32F4xx_HAL_Driver/Src/stm32f4xx_hal_tim.o
                0x08002ff0                HAL_TIM_IRQHandler
 .text.HAL_TIM_OC_DelayElapsedCallback
                0x080031d0       0x14 ./Drivers/STM32F4xx_HAL_Driver/Src/stm32f4xx_hal_tim.o
                0x080031d0                HAL_TIM_OC_DelayElapsedCallback
 .text.HAL_TIM_IC_CaptureCallback
                0x080031e4       0x14 ./Drivers/STM32F4xx_HAL_Driver/Src/stm32f4xx_hal_tim.o
                0x080031e4                HAL_TIM_IC_CaptureCallback
 .text.HAL_TIM_PWM_PulseFinishedCallback
                0x080031f8       0x14 ./Drivers/STM32F4xx_HAL_Driver/Src/stm32f4xx_hal_tim.o
                0x080031f8                HAL_TIM_PWM_PulseFinishedCallback
 .text.HAL_TIM_TriggerCallback
                0x0800320c       0x14 ./Drivers/STM32F4xx_HAL_Driver/Src/stm32f4xx_hal_tim.o
                0x0800320c                HAL_TIM_TriggerCallback
 .text.TIM_Base_SetConfig
                0x08003220      0x158 ./Drivers/STM32F4xx_HAL_Driver/Src/stm32f4xx_hal_tim.o
                0x08003220                TIM_Base_SetConfig
 .text.HAL_TIMEx_CommutCallback
                0x08003378       0x14 ./Drivers/STM32F4xx_HAL_Driver/Src/stm32f4xx_hal_tim_ex.o
                0x08003378                HAL_TIMEx_CommutCallback
 .text.HAL_TIMEx_BreakCallback
                0x0800338c       0x14 ./Drivers/STM32F4xx_HAL_Driver/Src/stm32f4xx_hal_tim_ex.o
                0x0800338c                HAL_TIMEx_BreakCallback
 .text.memset   0x080033a0       0x10 C:/ST/STM32CubeIDE_1.17.0/STM32CubeIDE/plugins/com.st.stm32cube.ide.mcu.externaltools.gnu-tools-for-stm32.12.3.rel1.win32_1.1.0.202410251130/tools/bin/../lib/gcc/arm-none-eabi/12.3.1/../../../../arm-none-eabi/lib/thumb/v7e-m+fp/hard\libc_nano.a(libc_a-memset.o)
                0x080033a0                memset
 .text.__libc_init_array
                0x080033b0       0x48 C:/ST/STM32CubeIDE_1.17.0/STM32CubeIDE/plugins/com.st.stm32cube.ide.mcu.externaltools.gnu-tools-for-stm32.12.3.rel1.win32_1.1.0.202410251130/tools/bin/../lib/gcc/arm-none-eabi/12.3.1/../../../../arm-none-eabi/lib/thumb/v7e-m+fp/hard\libc_nano.a(libc_a-init.o)
                0x080033b0                __libc_init_array
 *(.glue_7)
 .glue_7        0x080033f8        0x0 linker stubs
 *(.glue_7t)
 .glue_7t       0x080033f8        0x0 linker stubs
 *(.eh_frame)
 .eh_frame      0x080033f8        0x0 C:/ST/STM32CubeIDE_1.17.0/STM32CubeIDE/plugins/com.st.stm32cube.ide.mcu.externaltools.gnu-tools-for-stm32.12.3.rel1.win32_1.1.0.202410251130/tools/bin/../lib/gcc/arm-none-eabi/12.3.1/thumb/v7e-m+fp/hard/crtbegin.o
 *(.init)
 .init          0x080033f8        0x4 C:/ST/STM32CubeIDE_1.17.0/STM32CubeIDE/plugins/com.st.stm32cube.ide.mcu.externaltools.gnu-tools-for-stm32.12.3.rel1.win32_1.1.0.202410251130/tools/bin/../lib/gcc/arm-none-eabi/12.3.1/thumb/v7e-m+fp/hard/crti.o
                0x080033f8                _init
 .init          0x080033fc        0x8 C:/ST/STM32CubeIDE_1.17.0/STM32CubeIDE/plugins/com.st.stm32cube.ide.mcu.externaltools.gnu-tools-for-stm32.12.3.rel1.win32_1.1.0.202410251130/tools/bin/../lib/gcc/arm-none-eabi/12.3.1/thumb/v7e-m+fp/hard/crtn.o
 *(.fini)
 .fini          0x08003404        0x4 C:/ST/STM32CubeIDE_1.17.0/STM32CubeIDE/plugins/com.st.stm32cube.ide.mcu.externaltools.gnu-tools-for-stm32.12.3.rel1.win32_1.1.0.202410251130/tools/bin/../lib/gcc/arm-none-eabi/12.3.1/thumb/v7e-m+fp/hard/crti.o
                0x08003404                _fini
 .fini          0x08003408        0x8 C:/ST/STM32CubeIDE_1.17.0/STM32CubeIDE/plugins/com.st.stm32cube.ide.mcu.externaltools.gnu-tools-for-stm32.12.3.rel1.win32_1.1.0.202410251130/tools/bin/../lib/gcc/arm-none-eabi/12.3.1/thumb/v7e-m+fp/hard/crtn.o
                0x08003410                        . = ALIGN (0x4)
                0x08003410                        _etext = .

.vfp11_veneer   0x08003410        0x0
 .vfp11_veneer  0x08003410        0x0 linker stubs

.v4_bx          0x08003410        0x0
 .v4_bx         0x08003410        0x0 linker stubs

.iplt           0x08003410        0x0
 .iplt          0x08003410        0x0 C:/ST/STM32CubeIDE_1.17.0/STM32CubeIDE/plugins/com.st.stm32cube.ide.mcu.externaltools.gnu-tools-for-stm32.12.3.rel1.win32_1.1.0.202410251130/tools/bin/../lib/gcc/arm-none-eabi/12.3.1/thumb/v7e-m+fp/hard/crtbegin.o

.rodata         0x08003410       0x34
                0x08003410                        . = ALIGN (0x4)
 *(.rodata)
 .rodata        0x08003410        0x5 ./Core/FreeRTOS-Kernel/tasks.o
 *fill*         0x08003415        0x3 
 .rodata        0x08003418       0x12 ./Core/Src/main.o
 *(.rodata*)
 *fill*         0x0800342a        0x2 
 .rodata.AHBPrescTable
                0x0800342c       0x10 ./Core/Src/system_stm32f4xx.o
                0x0800342c                AHBPrescTable
 .rodata.APBPrescTable
                0x0800343c        0x8 ./Core/Src/system_stm32f4xx.o
                0x0800343c                APBPrescTable
                0x08003444                        . = ALIGN (0x4)

.ARM.extab      0x08003444        0x0
                0x08003444                        . = ALIGN (0x4)
 *(.ARM.extab* .gnu.linkonce.armextab.*)
                0x08003444                        . = ALIGN (0x4)

.ARM            0x08003444        0x8
                0x08003444                        . = ALIGN (0x4)
                0x08003444                        __exidx_start = .
 *(.ARM.exidx*)
 .ARM.exidx     0x08003444        0x8 C:/ST/STM32CubeIDE_1.17.0/STM32CubeIDE/plugins/com.st.stm32cube.ide.mcu.externaltools.gnu-tools-for-stm32.12.3.rel1.win32_1.1.0.202410251130/tools/bin/../lib/gcc/arm-none-eabi/12.3.1/thumb/v7e-m+fp/hard\libgcc.a(_udivmoddi4.o)
                0x0800344c                        __exidx_end = .
                0x0800344c                        . = ALIGN (0x4)

.preinit_array  0x0800344c        0x0
                0x0800344c                        . = ALIGN (0x4)
                0x0800344c                        PROVIDE (__preinit_array_start = .)
 *(.preinit_array*)
                0x0800344c                        PROVIDE (__preinit_array_end = .)
                0x0800344c                        . = ALIGN (0x4)

.init_array     0x0800344c        0x4
                0x0800344c                        . = ALIGN (0x4)
                0x0800344c                        PROVIDE (__init_array_start = .)
 *(SORT_BY_NAME(.init_array.*))
 *(.init_array*)
 .init_array    0x0800344c        0x4 C:/ST/STM32CubeIDE_1.17.0/STM32CubeIDE/plugins/com.st.stm32cube.ide.mcu.externaltools.gnu-tools-for-stm32.12.3.rel1.win32_1.1.0.202410251130/tools/bin/../lib/gcc/arm-none-eabi/12.3.1/thumb/v7e-m+fp/hard/crtbegin.o
                0x08003450                        PROVIDE (__init_array_end = .)
                0x08003450                        . = ALIGN (0x4)

.fini_array     0x08003450        0x4
                0x08003450                        . = ALIGN (0x4)
                [!provide]                        PROVIDE (__fini_array_start = .)
 *(SORT_BY_NAME(.fini_array.*))
 *(.fini_array*)
 .fini_array    0x08003450        0x4 C:/ST/STM32CubeIDE_1.17.0/STM32CubeIDE/plugins/com.st.stm32cube.ide.mcu.externaltools.gnu-tools-for-stm32.12.3.rel1.win32_1.1.0.202410251130/tools/bin/../lib/gcc/arm-none-eabi/12.3.1/thumb/v7e-m+fp/hard/crtbegin.o
                [!provide]                        PROVIDE (__fini_array_end = .)
                0x08003454                        . = ALIGN (0x4)
                0x08003454                        _sidata = LOADADDR (.data)

.rel.dyn        0x08003454        0x0
 .rel.iplt      0x08003454        0x0 C:/ST/STM32CubeIDE_1.17.0/STM32CubeIDE/plugins/com.st.stm32cube.ide.mcu.externaltools.gnu-tools-for-stm32.12.3.rel1.win32_1.1.0.202410251130/tools/bin/../lib/gcc/arm-none-eabi/12.3.1/thumb/v7e-m+fp/hard/crtbegin.o

.data           0x20000000       0x14 load address 0x08003454
                0x20000000                        . = ALIGN (0x4)
                0x20000000                        _sdata = .
 *(.data)
 *(.data*)
 .data.uxTopUsedPriority
                0x20000000        0x4 ./Core/FreeRTOS-Kernel/tasks.o
 .data.uxCriticalNesting
                0x20000004        0x4 ./Core/FreeRTOS-Kernel/portable/GCC/ARM_CM4F/port.o
 .data.SystemCoreClock
                0x20000008        0x4 ./Core/Src/system_stm32f4xx.o
                0x20000008                SystemCoreClock
 .data.uwTickPrio
                0x2000000c        0x4 ./Drivers/STM32F4xx_HAL_Driver/Src/stm32f4xx_hal.o
                0x2000000c                uwTickPrio
 .data.uwTickFreq
                0x20000010        0x1 ./Drivers/STM32F4xx_HAL_Driver/Src/stm32f4xx_hal.o
                0x20000010                uwTickFreq
 *(.RamFunc)
 *(.RamFunc*)
                0x20000014                        . = ALIGN (0x4)
 *fill*         0x20000011        0x3 
                0x20000014                        _edata = .
                0x08003468                        _siccmram = LOADADDR (.ccmram)

.igot.plt       0x20000014        0x0 load address 0x08003468
 .igot.plt      0x20000014        0x0 C:/ST/STM32CubeIDE_1.17.0/STM32CubeIDE/plugins/com.st.stm32cube.ide.mcu.externaltools.gnu-tools-for-stm32.12.3.rel1.win32_1.1.0.202410251130/tools/bin/../lib/gcc/arm-none-eabi/12.3.1/thumb/v7e-m+fp/hard/crtbegin.o

.ccmram         0x10000000        0x0 load address 0x08003468
                0x10000000                        . = ALIGN (0x4)
                0x10000000                        _sccmram = .
 *(.ccmram)
 *(.ccmram*)
                0x10000000                        . = ALIGN (0x4)
                0x10000000                        _eccmram = .
                0x10000000                        . = ALIGN (0x4)

.bss            0x20000014    0x12d80
                0x20000014                        _sbss = .
                0x20000014                        __bss_start__ = _sbss
 *(.bss)
 .bss           0x20000014       0x1c C:/ST/STM32CubeIDE_1.17.0/STM32CubeIDE/plugins/com.st.stm32cube.ide.mcu.externaltools.gnu-tools-for-stm32.12.3.rel1.win32_1.1.0.202410251130/tools/bin/../lib/gcc/arm-none-eabi/12.3.1/thumb/v7e-m+fp/hard/crtbegin.o
 *(.bss*)
 .bss.pxCurrentTCB
                0x20000030        0x4 ./Core/FreeRTOS-Kernel/tasks.o
                0x20000030                pxCurrentTCB
 .bss.pxReadyTasksLists
                0x20000034       0x64 ./Core/FreeRTOS-Kernel/tasks.o
 .bss.xDelayedTaskList1
                0x20000098       0x14 ./Core/FreeRTOS-Kernel/tasks.o
 .bss.xDelayedTaskList2
                0x200000ac       0x14 ./Core/FreeRTOS-Kernel/tasks.o
 .bss.pxDelayedTaskList
                0x200000c0        0x4 ./Core/FreeRTOS-Kernel/tasks.o
 .bss.pxOverflowDelayedTaskList
                0x200000c4        0x4 ./Core/FreeRTOS-Kernel/tasks.o
 .bss.xPendingReadyList
                0x200000c8       0x14 ./Core/FreeRTOS-Kernel/tasks.o
 .bss.xTasksWaitingTermination
                0x200000dc       0x14 ./Core/FreeRTOS-Kernel/tasks.o
 .bss.uxDeletedTasksWaitingCleanUp
                0x200000f0        0x4 ./Core/FreeRTOS-Kernel/tasks.o
 .bss.xSuspendedTaskList
                0x200000f4       0x14 ./Core/FreeRTOS-Kernel/tasks.o
 .bss.uxCurrentNumberOfTasks
                0x20000108        0x4 ./Core/FreeRTOS-Kernel/tasks.o
 .bss.xTickCount
                0x2000010c        0x4 ./Core/FreeRTOS-Kernel/tasks.o
 .bss.uxTopReadyPriority
                0x20000110        0x4 ./Core/FreeRTOS-Kernel/tasks.o
 .bss.xSchedulerRunning
                0x20000114        0x4 ./Core/FreeRTOS-Kernel/tasks.o
 .bss.xPendedTicks
                0x20000118        0x4 ./Core/FreeRTOS-Kernel/tasks.o
 .bss.xYieldPendings
                0x2000011c        0x4 ./Core/FreeRTOS-Kernel/tasks.o
 .bss.xNumOfOverflows
                0x20000120        0x4 ./Core/FreeRTOS-Kernel/tasks.o
 .bss.uxTaskNumber
                0x20000124        0x4 ./Core/FreeRTOS-Kernel/tasks.o
 .bss.xNextTaskUnblockTime
                0x20000128        0x4 ./Core/FreeRTOS-Kernel/tasks.o
 .bss.xIdleTaskHandles
                0x2000012c        0x4 ./Core/FreeRTOS-Kernel/tasks.o
 .bss.uxSchedulerSuspended
                0x20000130        0x4 ./Core/FreeRTOS-Kernel/tasks.o
 .bss.ucMaxSysCallPriority
                0x20000134        0x1 ./Core/FreeRTOS-Kernel/portable/GCC/ARM_CM4F/port.o
 *fill*         0x20000135        0x3 
 .bss.ulMaxPRIGROUPValue
                0x20000138        0x4 ./Core/FreeRTOS-Kernel/portable/GCC/ARM_CM4F/port.o
 .bss.ucHeap    0x2000013c    0x12c00 ./Core/FreeRTOS-Kernel/portable/MemMang/heap_1.o
 .bss.xNextFreeByte
                0x20012d3c        0x4 ./Core/FreeRTOS-Kernel/portable/MemMang/heap_1.o
 .bss.pucAlignedHeap.0
                0x20012d40        0x4 ./Core/FreeRTOS-Kernel/portable/MemMang/heap_1.o
 .bss.xQueue    0x20012d44        0x4 ./Core/Src/main.o
 .bss.htim1     0x20012d48       0x48 ./Core/Src/stm32f4xx_hal_timebase_tim.o
                0x20012d48                htim1
 .bss.uwTick    0x20012d90        0x4 ./Drivers/STM32F4xx_HAL_Driver/Src/stm32f4xx_hal.o
                0x20012d90                uwTick
 *(COMMON)
                0x20012d94                        . = ALIGN (0x4)
                0x20012d94                        _ebss = .
                0x20012d94                        __bss_end__ = _ebss

._user_heap_stack
                0x20012d94      0x604
                0x20012d98                        . = ALIGN (0x8)
 *fill*         0x20012d94        0x4 
                [!provide]                        PROVIDE (end = .)
                0x20012d98                        PROVIDE (_end = .)
                0x20012f98                        . = (. + _Min_Heap_Size)
 *fill*         0x20012d98      0x200 
                0x20013398                        . = (. + _Min_Stack_Size)
 *fill*         0x20012f98      0x400 
                0x20013398                        . = ALIGN (0x8)

/DISCARD/
 libc.a(*)
 libm.a(*)
 libgcc.a(*)

.ARM.attributes
                0x00000000       0x30
 *(.ARM.attributes)
 .ARM.attributes
                0x00000000       0x22 C:/ST/STM32CubeIDE_1.17.0/STM32CubeIDE/plugins/com.st.stm32cube.ide.mcu.externaltools.gnu-tools-for-stm32.12.3.rel1.win32_1.1.0.202410251130/tools/bin/../lib/gcc/arm-none-eabi/12.3.1/thumb/v7e-m+fp/hard/crti.o
 .ARM.attributes
                0x00000022       0x34 C:/ST/STM32CubeIDE_1.17.0/STM32CubeIDE/plugins/com.st.stm32cube.ide.mcu.externaltools.gnu-tools-for-stm32.12.3.rel1.win32_1.1.0.202410251130/tools/bin/../lib/gcc/arm-none-eabi/12.3.1/thumb/v7e-m+fp/hard/crtbegin.o
 .ARM.attributes
                0x00000056       0x34 ./Core/FreeRTOS-Kernel/list.o
 .ARM.attributes
                0x0000008a       0x34 ./Core/FreeRTOS-Kernel/queue.o
 .ARM.attributes
                0x000000be       0x34 ./Core/FreeRTOS-Kernel/tasks.o
 .ARM.attributes
                0x000000f2       0x34 ./Core/FreeRTOS-Kernel/portable/GCC/ARM_CM4F/port.o
 .ARM.attributes
                0x00000126       0x34 ./Core/FreeRTOS-Kernel/portable/MemMang/heap_1.o
 .ARM.attributes
                0x0000015a       0x34 ./Core/Src/main.o
 .ARM.attributes
                0x0000018e       0x34 ./Core/Src/stm32f4xx_hal_msp.o
 .ARM.attributes
                0x000001c2       0x34 ./Core/Src/stm32f4xx_hal_timebase_tim.o
 .ARM.attributes
                0x000001f6       0x34 ./Core/Src/stm32f4xx_it.o
 .ARM.attributes
                0x0000022a       0x34 ./Core/Src/system_stm32f4xx.o
 .ARM.attributes
                0x0000025e       0x21 ./Core/Startup/startup_stm32f407vgtx.o
 .ARM.attributes
                0x0000027f       0x34 ./Drivers/STM32F4xx_HAL_Driver/Src/stm32f4xx_hal.o
 .ARM.attributes
                0x000002b3       0x34 ./Drivers/STM32F4xx_HAL_Driver/Src/stm32f4xx_hal_cortex.o
 .ARM.attributes
                0x000002e7       0x34 ./Drivers/STM32F4xx_HAL_Driver/Src/stm32f4xx_hal_gpio.o
 .ARM.attributes
                0x0000031b       0x34 ./Drivers/STM32F4xx_HAL_Driver/Src/stm32f4xx_hal_rcc.o
 .ARM.attributes
                0x0000034f       0x34 ./Drivers/STM32F4xx_HAL_Driver/Src/stm32f4xx_hal_tim.o
 .ARM.attributes
                0x00000383       0x34 ./Drivers/STM32F4xx_HAL_Driver/Src/stm32f4xx_hal_tim_ex.o
 .ARM.attributes
                0x000003b7       0x34 C:/ST/STM32CubeIDE_1.17.0/STM32CubeIDE/plugins/com.st.stm32cube.ide.mcu.externaltools.gnu-tools-for-stm32.12.3.rel1.win32_1.1.0.202410251130/tools/bin/../lib/gcc/arm-none-eabi/12.3.1/../../../../arm-none-eabi/lib/thumb/v7e-m+fp/hard\libc_nano.a(libc_a-memset.o)
 .ARM.attributes
                0x000003eb       0x34 C:/ST/STM32CubeIDE_1.17.0/STM32CubeIDE/plugins/com.st.stm32cube.ide.mcu.externaltools.gnu-tools-for-stm32.12.3.rel1.win32_1.1.0.202410251130/tools/bin/../lib/gcc/arm-none-eabi/12.3.1/../../../../arm-none-eabi/lib/thumb/v7e-m+fp/hard\libc_nano.a(libc_a-init.o)
 .ARM.attributes
                0x0000041f       0x22 C:/ST/STM32CubeIDE_1.17.0/STM32CubeIDE/plugins/com.st.stm32cube.ide.mcu.externaltools.gnu-tools-for-stm32.12.3.rel1.win32_1.1.0.202410251130/tools/bin/../lib/gcc/arm-none-eabi/12.3.1/thumb/v7e-m+fp/hard\libgcc.a(_aeabi_uldivmod.o)
 .ARM.attributes
                0x00000441       0x34 C:/ST/STM32CubeIDE_1.17.0/STM32CubeIDE/plugins/com.st.stm32cube.ide.mcu.externaltools.gnu-tools-for-stm32.12.3.rel1.win32_1.1.0.202410251130/tools/bin/../lib/gcc/arm-none-eabi/12.3.1/thumb/v7e-m+fp/hard\libgcc.a(_udivmoddi4.o)
 .ARM.attributes
                0x00000475       0x22 C:/ST/STM32CubeIDE_1.17.0/STM32CubeIDE/plugins/com.st.stm32cube.ide.mcu.externaltools.gnu-tools-for-stm32.12.3.rel1.win32_1.1.0.202410251130/tools/bin/../lib/gcc/arm-none-eabi/12.3.1/thumb/v7e-m+fp/hard\libgcc.a(_dvmd_tls.o)
 .ARM.attributes
                0x00000497       0x22 C:/ST/STM32CubeIDE_1.17.0/STM32CubeIDE/plugins/com.st.stm32cube.ide.mcu.externaltools.gnu-tools-for-stm32.12.3.rel1.win32_1.1.0.202410251130/tools/bin/../lib/gcc/arm-none-eabi/12.3.1/thumb/v7e-m+fp/hard/crtn.o
OUTPUT(TestRTOS.elf elf32-littlearm)
LOAD linker stubs
LOAD C:/ST/STM32CubeIDE_1.17.0/STM32CubeIDE/plugins/com.st.stm32cube.ide.mcu.externaltools.gnu-tools-for-stm32.12.3.rel1.win32_1.1.0.202410251130/tools/bin/../lib/gcc/arm-none-eabi/12.3.1/../../../../arm-none-eabi/lib/thumb/v7e-m+fp/hard\libc.a
LOAD C:/ST/STM32CubeIDE_1.17.0/STM32CubeIDE/plugins/com.st.stm32cube.ide.mcu.externaltools.gnu-tools-for-stm32.12.3.rel1.win32_1.1.0.202410251130/tools/bin/../lib/gcc/arm-none-eabi/12.3.1/../../../../arm-none-eabi/lib/thumb/v7e-m+fp/hard\libm.a
LOAD C:/ST/STM32CubeIDE_1.17.0/STM32CubeIDE/plugins/com.st.stm32cube.ide.mcu.externaltools.gnu-tools-for-stm32.12.3.rel1.win32_1.1.0.202410251130/tools/bin/../lib/gcc/arm-none-eabi/12.3.1/thumb/v7e-m+fp/hard\libgcc.a

.debug_info     0x00000000     0xd569
 .debug_info    0x00000000      0x2aa ./Core/FreeRTOS-Kernel/list.o
 .debug_info    0x000002aa     0x17b5 ./Core/FreeRTOS-Kernel/queue.o
 .debug_info    0x00001a5f     0x2690 ./Core/FreeRTOS-Kernel/tasks.o
 .debug_info    0x000040ef      0x575 ./Core/FreeRTOS-Kernel/portable/GCC/ARM_CM4F/port.o
 .debug_info    0x00004664      0x1ed ./Core/FreeRTOS-Kernel/portable/MemMang/heap_1.o
 .debug_info    0x00004851      0xe28 ./Core/Src/main.o
 .debug_info    0x00005679      0x269 ./Core/Src/stm32f4xx_hal_msp.o
 .debug_info    0x000058e2      0xbe0 ./Core/Src/stm32f4xx_hal_timebase_tim.o
 .debug_info    0x000064c2      0x6ab ./Core/Src/stm32f4xx_it.o
 .debug_info    0x00006b6d      0x512 ./Core/Src/system_stm32f4xx.o
 .debug_info    0x0000707f       0x30 ./Core/Startup/startup_stm32f407vgtx.o
 .debug_info    0x000070af      0x944 ./Drivers/STM32F4xx_HAL_Driver/Src/stm32f4xx_hal.o
 .debug_info    0x000079f3      0xd8c ./Drivers/STM32F4xx_HAL_Driver/Src/stm32f4xx_hal_cortex.o
 .debug_info    0x0000877f      0x6c3 ./Drivers/STM32F4xx_HAL_Driver/Src/stm32f4xx_hal_gpio.o
 .debug_info    0x00008e42      0x8af ./Drivers/STM32F4xx_HAL_Driver/Src/stm32f4xx_hal_rcc.o
 .debug_info    0x000096f1     0x299d ./Drivers/STM32F4xx_HAL_Driver/Src/stm32f4xx_hal_tim.o
 .debug_info    0x0000c08e     0x14db ./Drivers/STM32F4xx_HAL_Driver/Src/stm32f4xx_hal_tim_ex.o

.debug_abbrev   0x00000000     0x2230
 .debug_abbrev  0x00000000       0xee ./Core/FreeRTOS-Kernel/list.o
 .debug_abbrev  0x000000ee      0x322 ./Core/FreeRTOS-Kernel/queue.o
 .debug_abbrev  0x00000410      0x380 ./Core/FreeRTOS-Kernel/tasks.o
 .debug_abbrev  0x00000790      0x235 ./Core/FreeRTOS-Kernel/portable/GCC/ARM_CM4F/port.o
 .debug_abbrev  0x000009c5      0x161 ./Core/FreeRTOS-Kernel/portable/MemMang/heap_1.o
 .debug_abbrev  0x00000b26      0x2cc ./Core/Src/main.o
 .debug_abbrev  0x00000df2       0xd8 ./Core/Src/stm32f4xx_hal_msp.o
 .debug_abbrev  0x00000eca      0x1f4 ./Core/Src/stm32f4xx_hal_timebase_tim.o
 .debug_abbrev  0x000010be      0x17d ./Core/Src/stm32f4xx_it.o
 .debug_abbrev  0x0000123b      0x11a ./Core/Src/system_stm32f4xx.o
 .debug_abbrev  0x00001355       0x24 ./Core/Startup/startup_stm32f407vgtx.o
 .debug_abbrev  0x00001379      0x214 ./Drivers/STM32F4xx_HAL_Driver/Src/stm32f4xx_hal.o
 .debug_abbrev  0x0000158d      0x31d ./Drivers/STM32F4xx_HAL_Driver/Src/stm32f4xx_hal_cortex.o
 .debug_abbrev  0x000018aa      0x1d4 ./Drivers/STM32F4xx_HAL_Driver/Src/stm32f4xx_hal_gpio.o
 .debug_abbrev  0x00001a7e      0x2b7 ./Drivers/STM32F4xx_HAL_Driver/Src/stm32f4xx_hal_rcc.o
 .debug_abbrev  0x00001d35      0x278 ./Drivers/STM32F4xx_HAL_Driver/Src/stm32f4xx_hal_tim.o
 .debug_abbrev  0x00001fad      0x283 ./Drivers/STM32F4xx_HAL_Driver/Src/stm32f4xx_hal_tim_ex.o

.debug_aranges  0x00000000      0xdc8
 .debug_aranges
                0x00000000       0x40 ./Core/FreeRTOS-Kernel/list.o
 .debug_aranges
                0x00000040      0x138 ./Core/FreeRTOS-Kernel/queue.o
 .debug_aranges
                0x00000178      0x218 ./Core/FreeRTOS-Kernel/tasks.o
 .debug_aranges
                0x00000390       0x80 ./Core/FreeRTOS-Kernel/portable/GCC/ARM_CM4F/port.o
 .debug_aranges
                0x00000410       0x40 ./Core/FreeRTOS-Kernel/portable/MemMang/heap_1.o
 .debug_aranges
                0x00000450       0x50 ./Core/Src/main.o
 .debug_aranges
                0x000004a0       0x20 ./Core/Src/stm32f4xx_hal_msp.o
 .debug_aranges
                0x000004c0       0x30 ./Core/Src/stm32f4xx_hal_timebase_tim.o
 .debug_aranges
                0x000004f0       0x50 ./Core/Src/stm32f4xx_it.o
 .debug_aranges
                0x00000540       0x28 ./Core/Src/system_stm32f4xx.o
 .debug_aranges
                0x00000568       0x28 ./Core/Startup/startup_stm32f407vgtx.o
 .debug_aranges
                0x00000590       0xf0 ./Drivers/STM32F4xx_HAL_Driver/Src/stm32f4xx_hal.o
 .debug_aranges
                0x00000680      0x130 ./Drivers/STM32F4xx_HAL_Driver/Src/stm32f4xx_hal_cortex.o
 .debug_aranges
                0x000007b0       0x58 ./Drivers/STM32F4xx_HAL_Driver/Src/stm32f4xx_hal_gpio.o
 .debug_aranges
                0x00000808       0x88 ./Drivers/STM32F4xx_HAL_Driver/Src/stm32f4xx_hal_rcc.o
 .debug_aranges
                0x00000890      0x3d0 ./Drivers/STM32F4xx_HAL_Driver/Src/stm32f4xx_hal_tim.o
 .debug_aranges
                0x00000c60      0x168 ./Drivers/STM32F4xx_HAL_Driver/Src/stm32f4xx_hal_tim_ex.o

.debug_rnglists
                0x00000000      0xaab
 .debug_rnglists
                0x00000000       0x2b ./Core/FreeRTOS-Kernel/list.o
 .debug_rnglists
                0x0000002b       0xf2 ./Core/FreeRTOS-Kernel/queue.o
 .debug_rnglists
                0x0000011d      0x1bb ./Core/FreeRTOS-Kernel/tasks.o
 .debug_rnglists
                0x000002d8       0x5d ./Core/FreeRTOS-Kernel/portable/GCC/ARM_CM4F/port.o
 .debug_rnglists
                0x00000335       0x2c ./Core/FreeRTOS-Kernel/portable/MemMang/heap_1.o
 .debug_rnglists
                0x00000361       0x3a ./Core/Src/main.o
 .debug_rnglists
                0x0000039b       0x13 ./Core/Src/stm32f4xx_hal_msp.o
 .debug_rnglists
                0x000003ae       0x20 ./Core/Src/stm32f4xx_hal_timebase_tim.o
 .debug_rnglists
                0x000003ce       0x37 ./Core/Src/stm32f4xx_it.o
 .debug_rnglists
                0x00000405       0x1a ./Core/Src/system_stm32f4xx.o
 .debug_rnglists
                0x0000041f       0x19 ./Core/Startup/startup_stm32f407vgtx.o
 .debug_rnglists
                0x00000438       0xaf ./Drivers/STM32F4xx_HAL_Driver/Src/stm32f4xx_hal.o
 .debug_rnglists
                0x000004e7       0xe0 ./Drivers/STM32F4xx_HAL_Driver/Src/stm32f4xx_hal_cortex.o
 .debug_rnglists
                0x000005c7       0x3f ./Drivers/STM32F4xx_HAL_Driver/Src/stm32f4xx_hal_gpio.o
 .debug_rnglists
                0x00000606       0x66 ./Drivers/STM32F4xx_HAL_Driver/Src/stm32f4xx_hal_rcc.o
 .debug_rnglists
                0x0000066c      0x31a ./Drivers/STM32F4xx_HAL_Driver/Src/stm32f4xx_hal_tim.o
 .debug_rnglists
                0x00000986      0x125 ./Drivers/STM32F4xx_HAL_Driver/Src/stm32f4xx_hal_tim_ex.o

.debug_macro    0x00000000    0x1fa7a
 .debug_macro   0x00000000      0x1a2 ./Core/FreeRTOS-Kernel/list.o
 .debug_macro   0x000001a2      0x239 ./Core/FreeRTOS-Kernel/queue.o
 .debug_macro   0x000003db       0x16 ./Core/FreeRTOS-Kernel/queue.o
 .debug_macro   0x000003f1       0x35 ./Core/FreeRTOS-Kernel/queue.o
 .debug_macro   0x00000426       0x20 ./Core/FreeRTOS-Kernel/queue.o
 .debug_macro   0x00000446       0x80 ./Core/FreeRTOS-Kernel/queue.o
 .debug_macro   0x000004c6      0x2bf ./Core/FreeRTOS-Kernel/tasks.o
 .debug_macro   0x00000785       0x17 ./Core/FreeRTOS-Kernel/tasks.o
 .debug_macro   0x0000079c      0x1cf ./Core/FreeRTOS-Kernel/portable/GCC/ARM_CM4F/port.o
 .debug_macro   0x0000096b      0x1b7 ./Core/FreeRTOS-Kernel/portable/MemMang/heap_1.o
 .debug_macro   0x00000b22      0x2a3 ./Core/Src/main.o
 .debug_macro   0x00000dc5      0x295 ./Core/Src/main.o
 .debug_macro   0x0000105a       0x2e ./Core/Src/main.o
 .debug_macro   0x00001088       0x2f ./Core/Src/main.o
 .debug_macro   0x000010b7       0x1c ./Core/Src/main.o
 .debug_macro   0x000010d3       0x22 ./Core/Src/main.o
 .debug_macro   0x000010f5       0xfb ./Core/Src/main.o
 .debug_macro   0x000011f0     0x1011 ./Core/Src/main.o
 .debug_macro   0x00002201      0x11f ./Core/Src/main.o
 .debug_macro   0x00002320    0x15e97 ./Core/Src/main.o
 .debug_macro   0x000181b7       0x6d ./Core/Src/main.o
 .debug_macro   0x00018224     0x369a ./Core/Src/main.o
 .debug_macro   0x0001b8be       0x5c ./Core/Src/main.o
 .debug_macro   0x0001b91a      0x980 ./Core/Src/main.o
 .debug_macro   0x0001c29a      0x9e9 ./Core/Src/main.o
 .debug_macro   0x0001cc83      0x115 ./Core/Src/main.o
 .debug_macro   0x0001cd98      0x13e ./Core/Src/main.o
 .debug_macro   0x0001ced6       0xa5 ./Core/Src/main.o
 .debug_macro   0x0001cf7b      0x174 ./Core/Src/main.o
 .debug_macro   0x0001d0ef      0x287 ./Core/Src/main.o
 .debug_macro   0x0001d376       0x5f ./Core/Src/main.o
 .debug_macro   0x0001d3d5      0x236 ./Core/Src/main.o
 .debug_macro   0x0001d60b      0x12c ./Core/Src/main.o
 .debug_macro   0x0001d737      0x21e ./Core/Src/main.o
 .debug_macro   0x0001d955       0x2e ./Core/Src/main.o
 .debug_macro   0x0001d983      0x127 ./Core/Src/main.o
 .debug_macro   0x0001daaa       0x7e ./Core/Src/main.o
 .debug_macro   0x0001db28       0x89 ./Core/Src/main.o
 .debug_macro   0x0001dbb1      0x8ed ./Core/Src/main.o
 .debug_macro   0x0001e49e       0x4d ./Core/Src/main.o
 .debug_macro   0x0001e4eb      0x12d ./Core/Src/main.o
 .debug_macro   0x0001e618       0x10 ./Core/Src/main.o
 .debug_macro   0x0001e628       0xfa ./Core/Src/main.o
 .debug_macro   0x0001e722       0x86 ./Core/Src/main.o
 .debug_macro   0x0001e7a8       0x77 ./Core/Src/main.o
 .debug_macro   0x0001e81f      0x1d3 ./Core/Src/stm32f4xx_hal_msp.o
 .debug_macro   0x0001e9f2      0x1c4 ./Core/Src/stm32f4xx_hal_timebase_tim.o
 .debug_macro   0x0001ebb6      0x1dd ./Core/Src/stm32f4xx_it.o
 .debug_macro   0x0001ed93      0x1c4 ./Core/Src/system_stm32f4xx.o
 .debug_macro   0x0001ef57      0x224 ./Drivers/STM32F4xx_HAL_Driver/Src/stm32f4xx_hal.o
 .debug_macro   0x0001f17b      0x1c4 ./Drivers/STM32F4xx_HAL_Driver/Src/stm32f4xx_hal_cortex.o
 .debug_macro   0x0001f33f      0x1ca ./Drivers/STM32F4xx_HAL_Driver/Src/stm32f4xx_hal_gpio.o
 .debug_macro   0x0001f509      0x1e8 ./Drivers/STM32F4xx_HAL_Driver/Src/stm32f4xx_hal_rcc.o
 .debug_macro   0x0001f6f1      0x1c5 ./Drivers/STM32F4xx_HAL_Driver/Src/stm32f4xx_hal_tim.o
 .debug_macro   0x0001f8b6      0x1c4 ./Drivers/STM32F4xx_HAL_Driver/Src/stm32f4xx_hal_tim_ex.o

.debug_line     0x00000000     0xfbc8
 .debug_line    0x00000000      0x812 ./Core/FreeRTOS-Kernel/list.o
 .debug_line    0x00000812     0x1654 ./Core/FreeRTOS-Kernel/queue.o
 .debug_line    0x00001e66     0x211f ./Core/FreeRTOS-Kernel/tasks.o
 .debug_line    0x00003f85      0x949 ./Core/FreeRTOS-Kernel/portable/GCC/ARM_CM4F/port.o
 .debug_line    0x000048ce      0x7e6 ./Core/FreeRTOS-Kernel/portable/MemMang/heap_1.o
 .debug_line    0x000050b4      0xa09 ./Core/Src/main.o
 .debug_line    0x00005abd      0x72e ./Core/Src/stm32f4xx_hal_msp.o
 .debug_line    0x000061eb      0x79c ./Core/Src/stm32f4xx_hal_timebase_tim.o
 .debug_line    0x00006987      0x7cb ./Core/Src/stm32f4xx_it.o
 .debug_line    0x00007152      0x7b3 ./Core/Src/system_stm32f4xx.o
 .debug_line    0x00007905       0x7a ./Core/Startup/startup_stm32f407vgtx.o
 .debug_line    0x0000797f      0xa1c ./Drivers/STM32F4xx_HAL_Driver/Src/stm32f4xx_hal.o
 .debug_line    0x0000839b      0xd0e ./Drivers/STM32F4xx_HAL_Driver/Src/stm32f4xx_hal_cortex.o
 .debug_line    0x000090a9      0xba8 ./Drivers/STM32F4xx_HAL_Driver/Src/stm32f4xx_hal_gpio.o
 .debug_line    0x00009c51      0xda5 ./Drivers/STM32F4xx_HAL_Driver/Src/stm32f4xx_hal_rcc.o
 .debug_line    0x0000a9f6     0x37c0 ./Drivers/STM32F4xx_HAL_Driver/Src/stm32f4xx_hal_tim.o
 .debug_line    0x0000e1b6     0x1a12 ./Drivers/STM32F4xx_HAL_Driver/Src/stm32f4xx_hal_tim_ex.o

.debug_str      0x00000000    0xd71c8
 .debug_str     0x00000000    0x1082e ./Core/FreeRTOS-Kernel/list.o
                              0x10a53 (size before relaxing)
 .debug_str     0x0001082e     0x28c7 ./Core/FreeRTOS-Kernel/queue.o
                              0x13335 (size before relaxing)
 .debug_str     0x000130f5     0x2006 ./Core/FreeRTOS-Kernel/tasks.o
                              0x14240 (size before relaxing)
 .debug_str     0x000150fb      0x8d0 ./Core/FreeRTOS-Kernel/portable/GCC/ARM_CM4F/port.o
                               0xf584 (size before relaxing)
 .debug_str     0x000159cb       0xf2 ./Core/FreeRTOS-Kernel/portable/MemMang/heap_1.o
                              0x11ec3 (size before relaxing)
 .debug_str     0x00015abd    0xbef2a ./Core/Src/main.o
                              0xcecc2 (size before relaxing)
 .debug_str     0x000d49e7       0x2c ./Core/Src/stm32f4xx_hal_msp.o
                              0xc20d5 (size before relaxing)
 .debug_str     0x000d4a13      0x5fa ./Core/Src/stm32f4xx_hal_timebase_tim.o
                              0xc2c36 (size before relaxing)
 .debug_str     0x000d500d       0xbe ./Core/Src/stm32f4xx_it.o
                              0xc258b (size before relaxing)
 .debug_str     0x000d50cb       0xdb ./Core/Src/system_stm32f4xx.o
                              0xc214f (size before relaxing)
 .debug_str     0x000d51a6       0x44 ./Core/Startup/startup_stm32f407vgtx.o
                                 0xab (size before relaxing)
 .debug_str     0x000d51ea      0x5d3 ./Drivers/STM32F4xx_HAL_Driver/Src/stm32f4xx_hal.o
                              0xc2cd3 (size before relaxing)
 .debug_str     0x000d57bd      0x37f ./Drivers/STM32F4xx_HAL_Driver/Src/stm32f4xx_hal_cortex.o
                              0xc2a4f (size before relaxing)
 .debug_str     0x000d5b3c      0x11e ./Drivers/STM32F4xx_HAL_Driver/Src/stm32f4xx_hal_gpio.o
                              0xc22ca (size before relaxing)
 .debug_str     0x000d5c5a      0x1f2 ./Drivers/STM32F4xx_HAL_Driver/Src/stm32f4xx_hal_rcc.o
                              0xc2583 (size before relaxing)
 .debug_str     0x000d5e4c      0xe79 ./Drivers/STM32F4xx_HAL_Driver/Src/stm32f4xx_hal_tim.o
                              0xc34d9 (size before relaxing)
 .debug_str     0x000d6cc5      0x503 ./Drivers/STM32F4xx_HAL_Driver/Src/stm32f4xx_hal_tim_ex.o
                              0xc2ce5 (size before relaxing)

.comment        0x00000000       0x43
 .comment       0x00000000       0x43 ./Core/FreeRTOS-Kernel/list.o
                                 0x44 (size before relaxing)
 .comment       0x00000043       0x44 ./Core/FreeRTOS-Kernel/queue.o
 .comment       0x00000043       0x44 ./Core/FreeRTOS-Kernel/tasks.o
 .comment       0x00000043       0x44 ./Core/FreeRTOS-Kernel/portable/GCC/ARM_CM4F/port.o
 .comment       0x00000043       0x44 ./Core/FreeRTOS-Kernel/portable/MemMang/heap_1.o
 .comment       0x00000043       0x44 ./Core/Src/main.o
 .comment       0x00000043       0x44 ./Core/Src/stm32f4xx_hal_msp.o
 .comment       0x00000043       0x44 ./Core/Src/stm32f4xx_hal_timebase_tim.o
 .comment       0x00000043       0x44 ./Core/Src/stm32f4xx_it.o
 .comment       0x00000043       0x44 ./Core/Src/system_stm32f4xx.o
 .comment       0x00000043       0x44 ./Drivers/STM32F4xx_HAL_Driver/Src/stm32f4xx_hal.o
 .comment       0x00000043       0x44 ./Drivers/STM32F4xx_HAL_Driver/Src/stm32f4xx_hal_cortex.o
 .comment       0x00000043       0x44 ./Drivers/STM32F4xx_HAL_Driver/Src/stm32f4xx_hal_gpio.o
 .comment       0x00000043       0x44 ./Drivers/STM32F4xx_HAL_Driver/Src/stm32f4xx_hal_rcc.o
 .comment       0x00000043       0x44 ./Drivers/STM32F4xx_HAL_Driver/Src/stm32f4xx_hal_tim.o
 .comment       0x00000043       0x44 ./Drivers/STM32F4xx_HAL_Driver/Src/stm32f4xx_hal_tim_ex.o

.debug_frame    0x00000000     0x38f4
 .debug_frame   0x00000000       0xd8 ./Core/FreeRTOS-Kernel/list.o
 .debug_frame   0x000000d8      0x55c ./Core/FreeRTOS-Kernel/queue.o
 .debug_frame   0x00000634      0x940 ./Core/FreeRTOS-Kernel/tasks.o
 .debug_frame   0x00000f74      0x1a8 ./Core/FreeRTOS-Kernel/portable/GCC/ARM_CM4F/port.o
 .debug_frame   0x0000111c       0xbc ./Core/FreeRTOS-Kernel/portable/MemMang/heap_1.o
 .debug_frame   0x000011d8       0xf4 ./Core/Src/main.o
 .debug_frame   0x000012cc       0x38 ./Core/Src/stm32f4xx_hal_msp.o
 .debug_frame   0x00001304       0x74 ./Core/Src/stm32f4xx_hal_timebase_tim.o
 .debug_frame   0x00001378       0xc4 ./Core/Src/stm32f4xx_it.o
 .debug_frame   0x0000143c       0x58 ./Core/Src/system_stm32f4xx.o
 .debug_frame   0x00001494      0x374 ./Drivers/STM32F4xx_HAL_Driver/Src/stm32f4xx_hal.o
 .debug_frame   0x00001808      0x508 ./Drivers/STM32F4xx_HAL_Driver/Src/stm32f4xx_hal_cortex.o
 .debug_frame   0x00001d10      0x14c ./Drivers/STM32F4xx_HAL_Driver/Src/stm32f4xx_hal_gpio.o
 .debug_frame   0x00001e5c      0x1f4 ./Drivers/STM32F4xx_HAL_Driver/Src/stm32f4xx_hal_rcc.o
 .debug_frame   0x00002050     0x11c0 ./Drivers/STM32F4xx_HAL_Driver/Src/stm32f4xx_hal_tim.o
 .debug_frame   0x00003210      0x638 ./Drivers/STM32F4xx_HAL_Driver/Src/stm32f4xx_hal_tim_ex.o
 .debug_frame   0x00003848       0x20 C:/ST/STM32CubeIDE_1.17.0/STM32CubeIDE/plugins/com.st.stm32cube.ide.mcu.externaltools.gnu-tools-for-stm32.12.3.rel1.win32_1.1.0.202410251130/tools/bin/../lib/gcc/arm-none-eabi/12.3.1/../../../../arm-none-eabi/lib/thumb/v7e-m+fp/hard\libc_nano.a(libc_a-memset.o)
 .debug_frame   0x00003868       0x2c C:/ST/STM32CubeIDE_1.17.0/STM32CubeIDE/plugins/com.st.stm32cube.ide.mcu.externaltools.gnu-tools-for-stm32.12.3.rel1.win32_1.1.0.202410251130/tools/bin/../lib/gcc/arm-none-eabi/12.3.1/../../../../arm-none-eabi/lib/thumb/v7e-m+fp/hard\libc_nano.a(libc_a-init.o)
 .debug_frame   0x00003894       0x2c C:/ST/STM32CubeIDE_1.17.0/STM32CubeIDE/plugins/com.st.stm32cube.ide.mcu.externaltools.gnu-tools-for-stm32.12.3.rel1.win32_1.1.0.202410251130/tools/bin/../lib/gcc/arm-none-eabi/12.3.1/thumb/v7e-m+fp/hard\libgcc.a(_aeabi_uldivmod.o)
 .debug_frame   0x000038c0       0x34 C:/ST/STM32CubeIDE_1.17.0/STM32CubeIDE/plugins/com.st.stm32cube.ide.mcu.externaltools.gnu-tools-for-stm32.12.3.rel1.win32_1.1.0.202410251130/tools/bin/../lib/gcc/arm-none-eabi/12.3.1/thumb/v7e-m+fp/hard\libgcc.a(_udivmoddi4.o)

.debug_line_str
                0x00000000       0x8f
 .debug_line_str
                0x00000000       0x8f ./Core/Startup/startup_stm32f407vgtx.o
